[0.012s] Invoking command in '/home/baymaxwish/ros2_ws/build/vision_node': CMAKE_PREFIX_PATH=/opt/ros/humble /usr/local/bin/cmake --build /home/baymaxwish/ros2_ws/build/vision_node -- -j2 -l2
[0.029s] -- Found ament_cmake: 1.3.11 (/opt/ros/humble/share/ament_cmake/cmake)
[0.098s] -- Override CMake install command with custom implementation using symlinks instead of copying resources
[0.104s] -- Found rclcpp: 16.0.11 (/opt/ros/humble/share/rclcpp/cmake)
[0.135s] -- Found rosidl_generator_c: 3.1.6 (/opt/ros/humble/share/rosidl_generator_c/cmake)
[0.135s] -- Found rosidl_adapter: 3.1.6 (/opt/ros/humble/share/rosidl_adapter/cmake)
[0.139s] -- Found rosidl_generator_cpp: 3.1.6 (/opt/ros/humble/share/rosidl_generator_cpp/cmake)
[0.147s] -- Using all available rosidl_typesupport_c: rosidl_typesupport_fastrtps_c;rosidl_typesupport_introspection_c
[0.157s] -- Using all available rosidl_typesupport_cpp: rosidl_typesupport_fastrtps_cpp;rosidl_typesupport_introspection_cpp
[0.186s] -- Found rmw_implementation_cmake: 6.1.2 (/opt/ros/humble/share/rmw_implementation_cmake/cmake)
[0.186s] -- Found rmw_fastrtps_cpp: 6.2.7 (/opt/ros/humble/share/rmw_fastrtps_cpp/cmake)
[0.282s] -- Using RMW implementation 'rmw_fastrtps_cpp' as default
[0.323s] -- Found sensor_msgs: 4.2.4 (/opt/ros/humble/share/sensor_msgs/cmake)
[0.343s] -- Found image_transport: 3.1.10 (/opt/ros/humble/share/image_transport/cmake)
[0.361s] -- Found cv_bridge: 3.2.1 (/opt/ros/humble/share/cv_bridge/cmake)
[0.429s] -- Configuring done
[0.489s] -- Generating done
[0.495s] -- Build files have been written to: /home/baymaxwish/ros2_ws/build/vision_node
[0.512s] [35m[1mConsolidate compiler generated dependencies of target green_triangle_detector[0m
[0.527s] [ 50%] [32mBuilding CXX object CMakeFiles/green_triangle_detector.dir/green_triangle_detect.cpp.o[0m
[5.024s] [100%] [32m[1mLinking CXX executable green_triangle_detector[0m
[5.656s] [100%] Built target green_triangle_detector
[5.662s] Invoked command in '/home/baymaxwish/ros2_ws/build/vision_node' returned '0': CMAKE_PREFIX_PATH=/opt/ros/humble /usr/local/bin/cmake --build /home/baymaxwish/ros2_ws/build/vision_node -- -j2 -l2
[5.665s] Invoking command in '/home/baymaxwish/ros2_ws/build/vision_node': CMAKE_PREFIX_PATH=/opt/ros/humble /usr/local/bin/cmake --install /home/baymaxwish/ros2_ws/build/vision_node
[5.668s] -- Install configuration: ""
[5.669s] -- Execute custom install script
[5.669s] -- Symlinking: /home/baymaxwish/ros2_ws/install/vision_node/lib/vision_node/green_triangle_detector
[5.672s] -- Up-to-date symlink: /home/baymaxwish/ros2_ws/install/vision_node/share/ament_index/resource_index/package_run_dependencies/vision_node
[5.672s] -- Up-to-date symlink: /home/baymaxwish/ros2_ws/install/vision_node/share/ament_index/resource_index/parent_prefix_path/vision_node
[5.672s] -- Up-to-date symlink: /home/baymaxwish/ros2_ws/install/vision_node/share/vision_node/environment/ament_prefix_path.sh
[5.672s] -- Up-to-date symlink: /home/baymaxwish/ros2_ws/install/vision_node/share/vision_node/environment/ament_prefix_path.dsv
[5.673s] -- Up-to-date symlink: /home/baymaxwish/ros2_ws/install/vision_node/share/vision_node/environment/path.sh
[5.673s] -- Up-to-date symlink: /home/baymaxwish/ros2_ws/install/vision_node/share/vision_node/environment/path.dsv
[5.673s] -- Up-to-date symlink: /home/baymaxwish/ros2_ws/install/vision_node/share/vision_node/local_setup.bash
[5.673s] -- Up-to-date symlink: /home/baymaxwish/ros2_ws/install/vision_node/share/vision_node/local_setup.sh
[5.673s] -- Up-to-date symlink: /home/baymaxwish/ros2_ws/install/vision_node/share/vision_node/local_setup.zsh
[5.673s] -- Up-to-date symlink: /home/baymaxwish/ros2_ws/install/vision_node/share/vision_node/local_setup.dsv
[5.673s] -- Symlinking: /home/baymaxwish/ros2_ws/install/vision_node/share/vision_node/package.dsv
[5.676s] -- Up-to-date symlink: /home/baymaxwish/ros2_ws/install/vision_node/share/ament_index/resource_index/packages/vision_node
[5.677s] -- Up-to-date symlink: /home/baymaxwish/ros2_ws/install/vision_node/share/vision_node/cmake/vision_nodeConfig.cmake
[5.677s] -- Up-to-date symlink: /home/baymaxwish/ros2_ws/install/vision_node/share/vision_node/cmake/vision_nodeConfig-version.cmake
[5.677s] -- Up-to-date symlink: /home/baymaxwish/ros2_ws/install/vision_node/share/vision_node/package.xml
[5.679s] Invoked command in '/home/baymaxwish/ros2_ws/build/vision_node' returned '0': CMAKE_PREFIX_PATH=/opt/ros/humble /usr/local/bin/cmake --install /home/baymaxwish/ros2_ws/build/vision_node
