running egg_info
writing ../../build/image_processor/image_processor.egg-info/PKG-INFO
writing dependency_links to ../../build/image_processor/image_processor.egg-info/dependency_links.txt
writing entry points to ../../build/image_processor/image_processor.egg-info/entry_points.txt
writing requirements to ../../build/image_processor/image_processor.egg-info/requires.txt
writing top-level names to ../../build/image_processor/image_processor.egg-info/top_level.txt
reading manifest file '../../build/image_processor/image_processor.egg-info/SOURCES.txt'
writing manifest file '../../build/image_processor/image_processor.egg-info/SOURCES.txt'
running build
running build_py
copying image_processor/image_processor_node.py -> /home/ylc/RM/CLASS_3/workspace/build/image_processor/build/lib/image_processor
running install
running install_lib
copying /home/ylc/RM/CLASS_3/workspace/build/image_processor/build/lib/image_processor/image_processor_node.py -> /home/ylc/RM/CLASS_3/workspace/install/image_processor/lib/python3.10/site-packages/image_processor
byte-compiling /home/ylc/RM/CLASS_3/workspace/install/image_processor/lib/python3.10/site-packages/image_processor/image_processor_node.py to image_processor_node.cpython-310.pyc
running install_data
running install_egg_info
removing '/home/ylc/RM/CLASS_3/workspace/install/image_processor/lib/python3.10/site-packages/image_processor-0.0.0-py3.10.egg-info' (and everything under it)
Copying ../../build/image_processor/image_processor.egg-info to /home/ylc/RM/CLASS_3/workspace/install/image_processor/lib/python3.10/site-packages/image_processor-0.0.0-py3.10.egg-info
running install_scripts
Installing image_processor_node script to /home/ylc/RM/CLASS_3/workspace/install/image_processor/lib/image_processor
writing list of installed files to '/home/ylc/RM/CLASS_3/workspace/build/image_processor/install.log'
