running egg_info
creating ../../build/image_change/image_change.egg-info
writing ../../build/image_change/image_change.egg-info/PKG-INFO
writing dependency_links to ../../build/image_change/image_change.egg-info/dependency_links.txt
writing entry points to ../../build/image_change/image_change.egg-info/entry_points.txt
writing requirements to ../../build/image_change/image_change.egg-info/requires.txt
writing top-level names to ../../build/image_change/image_change.egg-info/top_level.txt
writing manifest file '../../build/image_change/image_change.egg-info/SOURCES.txt'
reading manifest file '../../build/image_change/image_change.egg-info/SOURCES.txt'
writing manifest file '../../build/image_change/image_change.egg-info/SOURCES.txt'
running build
running build_py
creating /home/zjy/桌面/Task2/build/image_change/build
creating /home/zjy/桌面/Task2/build/image_change/build/lib
creating /home/zjy/桌面/Task2/build/image_change/build/lib/image_change
copying image_change/__init__.py -> /home/zjy/桌面/Task2/build/image_change/build/lib/image_change
running install
running install_lib
creating /home/zjy/桌面/Task2/install/image_change/lib/python3.10/site-packages/image_change
copying /home/zjy/桌面/Task2/build/image_change/build/lib/image_change/__init__.py -> /home/zjy/桌面/Task2/install/image_change/lib/python3.10/site-packages/image_change
byte-compiling /home/zjy/桌面/Task2/install/image_change/lib/python3.10/site-packages/image_change/__init__.py to __init__.cpython-310.pyc
running install_data
creating /home/zjy/桌面/Task2/install/image_change/share/ament_index
creating /home/zjy/桌面/Task2/install/image_change/share/ament_index/resource_index
creating /home/zjy/桌面/Task2/install/image_change/share/ament_index/resource_index/packages
copying resource/image_change -> /home/zjy/桌面/Task2/install/image_change/share/ament_index/resource_index/packages
copying package.xml -> /home/zjy/桌面/Task2/install/image_change/share/image_change
running install_egg_info
Copying ../../build/image_change/image_change.egg-info to /home/zjy/桌面/Task2/install/image_change/lib/python3.10/site-packages/image_change-0.0.0-py3.10.egg-info
running install_scripts
Installing image_change_node script to /home/zjy/桌面/Task2/install/image_change/lib/image_change
writing list of installed files to '/home/zjy/桌面/Task2/build/image_change/install.log'
