running egg_info
writing ../../build/camera_publisher/camera_publisher.egg-info/PKG-INFO
writing dependency_links to ../../build/camera_publisher/camera_publisher.egg-info/dependency_links.txt
writing entry points to ../../build/camera_publisher/camera_publisher.egg-info/entry_points.txt
writing requirements to ../../build/camera_publisher/camera_publisher.egg-info/requires.txt
writing top-level names to ../../build/camera_publisher/camera_publisher.egg-info/top_level.txt
reading manifest file '../../build/camera_publisher/camera_publisher.egg-info/SOURCES.txt'
writing manifest file '../../build/camera_publisher/camera_publisher.egg-info/SOURCES.txt'
running build
running build_py
copying camera_publisher/camera_publisher.py -> /home/ylc/RM/CLASS_3/workspace/build/camera_publisher/build/lib/camera_publisher
running install
running install_lib
copying /home/ylc/RM/CLASS_3/workspace/build/camera_publisher/build/lib/camera_publisher/camera_publisher.py -> /home/ylc/RM/CLASS_3/workspace/install/camera_publisher/lib/python3.10/site-packages/camera_publisher
byte-compiling /home/ylc/RM/CLASS_3/workspace/install/camera_publisher/lib/python3.10/site-packages/camera_publisher/camera_publisher.py to camera_publisher.cpython-310.pyc
running install_data
running install_egg_info
removing '/home/ylc/RM/CLASS_3/workspace/install/camera_publisher/lib/python3.10/site-packages/camera_publisher-0.0.0-py3.10.egg-info' (and everything under it)
Copying ../../build/camera_publisher/camera_publisher.egg-info to /home/ylc/RM/CLASS_3/workspace/install/camera_publisher/lib/python3.10/site-packages/camera_publisher-0.0.0-py3.10.egg-info
running install_scripts
Installing camera_publisher script to /home/ylc/RM/CLASS_3/workspace/install/camera_publisher/lib/camera_publisher
writing list of installed files to '/home/ylc/RM/CLASS_3/workspace/build/camera_publisher/install.log'
