[0.465s] Invoking command in '/home/ylc/RM/CLASS_3/workspace/src/image_processor': PYTHONPATH=/home/ylc/RM/CLASS_3/workspace/build/image_processor/prefix_override:/usr/lib/python3/dist-packages/colcon_core/task/python/colcon_distutils_commands:/home/ylc/RM/CLASS_3/workspace/install/image_processor/lib/python3.10/site-packages:${PYTHONPATH} /usr/bin/python3 -W ignore:setup.py install is deprecated -W ignore:easy_install command is deprecated setup.py egg_info --egg-base ../../build/image_processor build --build-base /home/ylc/RM/CLASS_3/workspace/build/image_processor/build install --record /home/ylc/RM/CLASS_3/workspace/build/image_processor/install.log --single-version-externally-managed install_data
[0.593s] running egg_info
[0.593s] writing ../../build/image_processor/image_processor.egg-info/PKG-INFO
[0.594s] writing dependency_links to ../../build/image_processor/image_processor.egg-info/dependency_links.txt
[0.594s] writing entry points to ../../build/image_processor/image_processor.egg-info/entry_points.txt
[0.594s] writing requirements to ../../build/image_processor/image_processor.egg-info/requires.txt
[0.594s] writing top-level names to ../../build/image_processor/image_processor.egg-info/top_level.txt
[0.595s] reading manifest file '../../build/image_processor/image_processor.egg-info/SOURCES.txt'
[0.596s] writing manifest file '../../build/image_processor/image_processor.egg-info/SOURCES.txt'
[0.596s] running build
[0.596s] running build_py
[0.596s] running install
[0.596s] running install_lib
[0.597s] running install_data
[0.597s] running install_egg_info
[0.597s] removing '/home/ylc/RM/CLASS_3/workspace/install/image_processor/lib/python3.10/site-packages/image_processor-0.0.0-py3.10.egg-info' (and everything under it)
[0.598s] Copying ../../build/image_processor/image_processor.egg-info to /home/ylc/RM/CLASS_3/workspace/install/image_processor/lib/python3.10/site-packages/image_processor-0.0.0-py3.10.egg-info
[0.598s] running install_scripts
[0.609s] Installing image_processor_node script to /home/ylc/RM/CLASS_3/workspace/install/image_processor/lib/image_processor
[0.609s] writing list of installed files to '/home/ylc/RM/CLASS_3/workspace/build/image_processor/install.log'
[0.623s] Invoked command in '/home/ylc/RM/CLASS_3/workspace/src/image_processor' returned '0': PYTHONPATH=/home/ylc/RM/CLASS_3/workspace/build/image_processor/prefix_override:/usr/lib/python3/dist-packages/colcon_core/task/python/colcon_distutils_commands:/home/ylc/RM/CLASS_3/workspace/install/image_processor/lib/python3.10/site-packages:${PYTHONPATH} /usr/bin/python3 -W ignore:setup.py install is deprecated -W ignore:easy_install command is deprecated setup.py egg_info --egg-base ../../build/image_processor build --build-base /home/ylc/RM/CLASS_3/workspace/build/image_processor/build install --record /home/ylc/RM/CLASS_3/workspace/build/image_processor/install.log --single-version-externally-managed install_data
