[0.445s] Invoking command in '/home/ylc/RM/CLASS_3/workspace/src/image_processor': PYTHONPATH=/home/ylc/RM/CLASS_3/build/image_processor/prefix_override:/usr/lib/python3/dist-packages/colcon_core/task/python/colcon_distutils_commands:/home/ylc/RM/CLASS_3/install/image_processor/lib/python3.10/site-packages:${PYTHONPATH} /usr/bin/python3 -W ignore:setup.py install is deprecated -W ignore:easy_install command is deprecated setup.py egg_info --egg-base ../../../build/image_processor build --build-base /home/ylc/RM/CLASS_3/build/image_processor/build install --record /home/ylc/RM/CLASS_3/build/image_processor/install.log --single-version-externally-managed install_data
[0.571s] running egg_info
[0.571s] creating ../../../build/image_processor/image_processor.egg-info
[0.571s] writing ../../../build/image_processor/image_processor.egg-info/PKG-INFO
[0.572s] writing dependency_links to ../../../build/image_processor/image_processor.egg-info/dependency_links.txt
[0.572s] writing entry points to ../../../build/image_processor/image_processor.egg-info/entry_points.txt
[0.572s] writing requirements to ../../../build/image_processor/image_processor.egg-info/requires.txt
[0.572s] writing top-level names to ../../../build/image_processor/image_processor.egg-info/top_level.txt
[0.572s] writing manifest file '../../../build/image_processor/image_processor.egg-info/SOURCES.txt'
[0.573s] reading manifest file '../../../build/image_processor/image_processor.egg-info/SOURCES.txt'
[0.573s] writing manifest file '../../../build/image_processor/image_processor.egg-info/SOURCES.txt'
[0.573s] running build
[0.574s] running build_py
[0.574s] creating /home/ylc/RM/CLASS_3/build/image_processor/build
[0.574s] creating /home/ylc/RM/CLASS_3/build/image_processor/build/lib
[0.574s] creating /home/ylc/RM/CLASS_3/build/image_processor/build/lib/image_processor
[0.574s] copying image_processor/image_processor_node.py -> /home/ylc/RM/CLASS_3/build/image_processor/build/lib/image_processor
[0.574s] copying image_processor/__init__.py -> /home/ylc/RM/CLASS_3/build/image_processor/build/lib/image_processor
[0.574s] running install
[0.574s] running install_lib
[0.574s] creating /home/ylc/RM/CLASS_3/install/image_processor/lib/python3.10/site-packages/image_processor
[0.574s] copying /home/ylc/RM/CLASS_3/build/image_processor/build/lib/image_processor/image_processor_node.py -> /home/ylc/RM/CLASS_3/install/image_processor/lib/python3.10/site-packages/image_processor
[0.574s] copying /home/ylc/RM/CLASS_3/build/image_processor/build/lib/image_processor/__init__.py -> /home/ylc/RM/CLASS_3/install/image_processor/lib/python3.10/site-packages/image_processor
[0.575s] byte-compiling /home/ylc/RM/CLASS_3/install/image_processor/lib/python3.10/site-packages/image_processor/image_processor_node.py to image_processor_node.cpython-310.pyc
[0.575s] byte-compiling /home/ylc/RM/CLASS_3/install/image_processor/lib/python3.10/site-packages/image_processor/__init__.py to __init__.cpython-310.pyc
[0.575s] running install_data
[0.575s] creating /home/ylc/RM/CLASS_3/install/image_processor/share/ament_index
[0.575s] creating /home/ylc/RM/CLASS_3/install/image_processor/share/ament_index/resource_index
[0.575s] creating /home/ylc/RM/CLASS_3/install/image_processor/share/ament_index/resource_index/packages
[0.575s] copying resource/image_processor -> /home/ylc/RM/CLASS_3/install/image_processor/share/ament_index/resource_index/packages
[0.575s] copying package.xml -> /home/ylc/RM/CLASS_3/install/image_processor/share/image_processor
[0.575s] running install_egg_info
[0.576s] Copying ../../../build/image_processor/image_processor.egg-info to /home/ylc/RM/CLASS_3/install/image_processor/lib/python3.10/site-packages/image_processor-0.0.0-py3.10.egg-info
[0.577s] running install_scripts
[0.587s] Installing image_processor_node script to /home/ylc/RM/CLASS_3/install/image_processor/lib/image_processor
[0.587s] writing list of installed files to '/home/ylc/RM/CLASS_3/build/image_processor/install.log'
[0.600s] Invoked command in '/home/ylc/RM/CLASS_3/workspace/src/image_processor' returned '0': PYTHONPATH=/home/ylc/RM/CLASS_3/build/image_processor/prefix_override:/usr/lib/python3/dist-packages/colcon_core/task/python/colcon_distutils_commands:/home/ylc/RM/CLASS_3/install/image_processor/lib/python3.10/site-packages:${PYTHONPATH} /usr/bin/python3 -W ignore:setup.py install is deprecated -W ignore:easy_install command is deprecated setup.py egg_info --egg-base ../../../build/image_processor build --build-base /home/ylc/RM/CLASS_3/build/image_processor/build install --record /home/ylc/RM/CLASS_3/build/image_processor/install.log --single-version-externally-managed install_data
