[0.473s] Invoking command in '/home/ylc/RM/CLASS_3/workspace/src/camera_publisher': PYTHONPATH=/home/ylc/RM/CLASS_3/build/camera_publisher/prefix_override:/usr/lib/python3/dist-packages/colcon_core/task/python/colcon_distutils_commands:/home/ylc/RM/CLASS_3/install/camera_publisher/lib/python3.10/site-packages:${PYTHONPATH} /usr/bin/python3 -W ignore:setup.py install is deprecated -W ignore:easy_install command is deprecated setup.py egg_info --egg-base ../../../build/camera_publisher build --build-base /home/ylc/RM/CLASS_3/build/camera_publisher/build install --record /home/ylc/RM/CLASS_3/build/camera_publisher/install.log --single-version-externally-managed install_data
[0.597s] running egg_info
[0.597s] writing ../../../build/camera_publisher/camera_publisher.egg-info/PKG-INFO
[0.597s] writing dependency_links to ../../../build/camera_publisher/camera_publisher.egg-info/dependency_links.txt
[0.597s] writing entry points to ../../../build/camera_publisher/camera_publisher.egg-info/entry_points.txt
[0.597s] writing requirements to ../../../build/camera_publisher/camera_publisher.egg-info/requires.txt
[0.597s] writing top-level names to ../../../build/camera_publisher/camera_publisher.egg-info/top_level.txt
[0.599s] reading manifest file '../../../build/camera_publisher/camera_publisher.egg-info/SOURCES.txt'
[0.599s] writing manifest file '../../../build/camera_publisher/camera_publisher.egg-info/SOURCES.txt'
[0.599s] running build
[0.599s] running build_py
[0.600s] running install
[0.600s] running install_lib
[0.600s] running install_data
[0.600s] running install_egg_info
[0.601s] removing '/home/ylc/RM/CLASS_3/install/camera_publisher/lib/python3.10/site-packages/camera_publisher-0.0.0-py3.10.egg-info' (and everything under it)
[0.602s] Copying ../../../build/camera_publisher/camera_publisher.egg-info to /home/ylc/RM/CLASS_3/install/camera_publisher/lib/python3.10/site-packages/camera_publisher-0.0.0-py3.10.egg-info
[0.602s] running install_scripts
[0.613s] Installing camera_publisher script to /home/ylc/RM/CLASS_3/install/camera_publisher/lib/camera_publisher
[0.613s] writing list of installed files to '/home/ylc/RM/CLASS_3/build/camera_publisher/install.log'
[0.628s] Invoked command in '/home/ylc/RM/CLASS_3/workspace/src/camera_publisher' returned '0': PYTHONPATH=/home/ylc/RM/CLASS_3/build/camera_publisher/prefix_override:/usr/lib/python3/dist-packages/colcon_core/task/python/colcon_distutils_commands:/home/ylc/RM/CLASS_3/install/camera_publisher/lib/python3.10/site-packages:${PYTHONPATH} /usr/bin/python3 -W ignore:setup.py install is deprecated -W ignore:easy_install command is deprecated setup.py egg_info --egg-base ../../../build/camera_publisher build --build-base /home/ylc/RM/CLASS_3/build/camera_publisher/build install --record /home/ylc/RM/CLASS_3/build/camera_publisher/install.log --single-version-externally-managed install_data
