[0.259s] Invoking command in '/home/zjy/桌面/Task2/src/image_change': PYTHONPATH=/home/zjy/桌面/Task2/build/image_change/prefix_override:/usr/lib/python3/dist-packages/colcon_core/task/python/colcon_distutils_commands:/home/zjy/桌面/Task2/install/image_change/lib/python3.10/site-packages:${PYTHONPATH} /usr/bin/python3 -W ignore:setup.py install is deprecated -W ignore:easy_install command is deprecated setup.py egg_info --egg-base ../../build/image_change build --build-base /home/zjy/桌面/Task2/build/image_change/build install --record /home/zjy/桌面/Task2/build/image_change/install.log --single-version-externally-managed install_data
[0.367s] running egg_info
[0.368s] writing ../../build/image_change/image_change.egg-info/PKG-INFO
[0.368s] writing dependency_links to ../../build/image_change/image_change.egg-info/dependency_links.txt
[0.368s] writing entry points to ../../build/image_change/image_change.egg-info/entry_points.txt
[0.368s] writing requirements to ../../build/image_change/image_change.egg-info/requires.txt
[0.368s] writing top-level names to ../../build/image_change/image_change.egg-info/top_level.txt
[0.369s] reading manifest file '../../build/image_change/image_change.egg-info/SOURCES.txt'
[0.371s] writing manifest file '../../build/image_change/image_change.egg-info/SOURCES.txt'
[0.371s] running build
[0.371s] running build_py
[0.371s] running install
[0.371s] running install_lib
[0.372s] running install_data
[0.372s] running install_egg_info
[0.372s] removing '/home/zjy/桌面/Task2/install/image_change/lib/python3.10/site-packages/image_change-0.0.0-py3.10.egg-info' (and everything under it)
[0.372s] Copying ../../build/image_change/image_change.egg-info to /home/zjy/桌面/Task2/install/image_change/lib/python3.10/site-packages/image_change-0.0.0-py3.10.egg-info
[0.373s] running install_scripts
[0.382s] Installing image_change_node script to /home/zjy/桌面/Task2/install/image_change/lib/image_change
[0.382s] writing list of installed files to '/home/zjy/桌面/Task2/build/image_change/install.log'
[0.392s] Invoked command in '/home/zjy/桌面/Task2/src/image_change' returned '0': PYTHONPATH=/home/zjy/桌面/Task2/build/image_change/prefix_override:/usr/lib/python3/dist-packages/colcon_core/task/python/colcon_distutils_commands:/home/zjy/桌面/Task2/install/image_change/lib/python3.10/site-packages:${PYTHONPATH} /usr/bin/python3 -W ignore:setup.py install is deprecated -W ignore:easy_install command is deprecated setup.py egg_info --egg-base ../../build/image_change build --build-base /home/zjy/桌面/Task2/build/image_change/build install --record /home/zjy/桌面/Task2/build/image_change/install.log --single-version-externally-managed install_data
