[0.284s] Invoking command in '/home/zjy/桌面/Task2/src/image_change': PYTHONPATH=/home/zjy/桌面/Task2/build/image_change/prefix_override:/usr/lib/python3/dist-packages/colcon_core/task/python/colcon_distutils_commands:/home/zjy/桌面/Task2/install/image_change/lib/python3.10/site-packages:${PYTHONPATH} /usr/bin/python3 -W ignore:setup.py install is deprecated -W ignore:easy_install command is deprecated setup.py egg_info --egg-base ../../build/image_change build --build-base /home/zjy/桌面/Task2/build/image_change/build install --record /home/zjy/桌面/Task2/build/image_change/install.log --single-version-externally-managed install_data
[0.407s] running egg_info
[0.407s] writing ../../build/image_change/image_change.egg-info/PKG-INFO
[0.407s] writing dependency_links to ../../build/image_change/image_change.egg-info/dependency_links.txt
[0.407s] writing entry points to ../../build/image_change/image_change.egg-info/entry_points.txt
[0.407s] writing requirements to ../../build/image_change/image_change.egg-info/requires.txt
[0.407s] writing top-level names to ../../build/image_change/image_change.egg-info/top_level.txt
[0.408s] reading manifest file '../../build/image_change/image_change.egg-info/SOURCES.txt'
[0.408s] writing manifest file '../../build/image_change/image_change.egg-info/SOURCES.txt'
[0.408s] running build
[0.408s] running build_py
[0.408s] running install
[0.408s] running install_lib
[0.409s] copying /home/zjy/桌面/Task2/build/image_change/build/lib/image_change/image_change_node.py -> /home/zjy/桌面/Task2/install/image_change/lib/python3.10/site-packages/image_change
[0.409s] byte-compiling /home/zjy/桌面/Task2/install/image_change/lib/python3.10/site-packages/image_change/image_change_node.py to image_change_node.cpython-310.pyc
[0.410s] running install_data
[0.410s] running install_egg_info
[0.411s] removing '/home/zjy/桌面/Task2/install/image_change/lib/python3.10/site-packages/image_change-0.0.0-py3.10.egg-info' (and everything under it)
[0.411s] Copying ../../build/image_change/image_change.egg-info to /home/zjy/桌面/Task2/install/image_change/lib/python3.10/site-packages/image_change-0.0.0-py3.10.egg-info
[0.412s] running install_scripts
[0.425s] Installing image_change_node script to /home/zjy/桌面/Task2/install/image_change/lib/image_change
[0.425s] writing list of installed files to '/home/zjy/桌面/Task2/build/image_change/install.log'
[0.439s] Invoked command in '/home/zjy/桌面/Task2/src/image_change' returned '0': PYTHONPATH=/home/zjy/桌面/Task2/build/image_change/prefix_override:/usr/lib/python3/dist-packages/colcon_core/task/python/colcon_distutils_commands:/home/zjy/桌面/Task2/install/image_change/lib/python3.10/site-packages:${PYTHONPATH} /usr/bin/python3 -W ignore:setup.py install is deprecated -W ignore:easy_install command is deprecated setup.py egg_info --egg-base ../../build/image_change build --build-base /home/zjy/桌面/Task2/build/image_change/build install --record /home/zjy/桌面/Task2/build/image_change/install.log --single-version-externally-managed install_data
