[0.010s] Invoking command in '/home/baymaxwish/ros2_ws/build/vision_node': CMAKE_PREFIX_PATH=${CMAKE_PREFIX_PATH}:/opt/ros/humble /usr/local/bin/cmake /home/baymaxwish/ros2_ws/src/vision_node -DAMENT_CMAKE_SYMLINK_INSTALL=1 -DCMAKE_INSTALL_PREFIX=/home/baymaxwish/ros2_ws/install/vision_node
[0.056s] -- The C compiler identification is GNU 11.4.0
[0.107s] -- The CXX compiler identification is GNU 11.4.0
[0.117s] -- Detecting C compiler ABI info
[0.168s] -- Detecting C compiler ABI info - done
[0.174s] -- Check for working C compiler: /usr/bin/cc - skipped
[0.174s] -- Detecting C compile features
[0.174s] -- Detecting C compile features - done
[0.177s] -- Detecting CXX compiler ABI info
[0.238s] -- Detecting CXX compiler ABI info - done
[0.243s] -- Check for working CXX compiler: /usr/bin/c++ - skipped
[0.243s] -- Detecting CXX compile features
[0.244s] -- Detecting CXX compile features - done
[0.246s] -- Found ament_cmake: 1.3.11 (/opt/ros/humble/share/ament_cmake/cmake)
[0.340s] -- Found Python3: /usr/bin/python3 (found version "3.10.12") found components: Interpreter 
[0.391s] -- Override CMake install command with custom implementation using symlinks instead of copying resources
[0.413s] -- Found rclcpp: 16.0.11 (/opt/ros/humble/share/rclcpp/cmake)
[0.449s] -- Found rosidl_generator_c: 3.1.6 (/opt/ros/humble/share/rosidl_generator_c/cmake)
[0.451s] -- Found rosidl_adapter: 3.1.6 (/opt/ros/humble/share/rosidl_adapter/cmake)
[0.458s] -- Found rosidl_generator_cpp: 3.1.6 (/opt/ros/humble/share/rosidl_generator_cpp/cmake)
[0.468s] -- Using all available rosidl_typesupport_c: rosidl_typesupport_fastrtps_c;rosidl_typesupport_introspection_c
[0.481s] -- Using all available rosidl_typesupport_cpp: rosidl_typesupport_fastrtps_cpp;rosidl_typesupport_introspection_cpp
[0.517s] -- Found rmw_implementation_cmake: 6.1.2 (/opt/ros/humble/share/rmw_implementation_cmake/cmake)
[0.519s] -- Found rmw_fastrtps_cpp: 6.2.7 (/opt/ros/humble/share/rmw_fastrtps_cpp/cmake)
[0.591s] -- Found OpenSSL: /usr/lib/x86_64-linux-gnu/libcrypto.so (found version "3.0.2")  
[0.618s] -- Found FastRTPS: /opt/ros/humble/include  
[0.652s] -- Using RMW implementation 'rmw_fastrtps_cpp' as default
[0.660s] -- Performing Test CMAKE_HAVE_LIBC_PTHREAD
[0.715s] -- Performing Test CMAKE_HAVE_LIBC_PTHREAD - Success
[0.716s] -- Found Threads: TRUE  
[0.756s] -- Found sensor_msgs: 4.2.4 (/opt/ros/humble/share/sensor_msgs/cmake)
[0.780s] -- Found image_transport: 3.1.10 (/opt/ros/humble/share/image_transport/cmake)
[0.808s] -- Found cv_bridge: 3.2.1 (/opt/ros/humble/share/cv_bridge/cmake)
[0.818s] -- Found OpenCV: /usr (found version "4.5.4") found components: core imgproc highgui 
[0.874s] -- Configuring done
[0.885s] -- Generating done
[0.889s] -- Build files have been written to: /home/baymaxwish/ros2_ws/build/vision_node
[0.897s] Invoked command in '/home/baymaxwish/ros2_ws/build/vision_node' returned '0': CMAKE_PREFIX_PATH=${CMAKE_PREFIX_PATH}:/opt/ros/humble /usr/local/bin/cmake /home/baymaxwish/ros2_ws/src/vision_node -DAMENT_CMAKE_SYMLINK_INSTALL=1 -DCMAKE_INSTALL_PREFIX=/home/baymaxwish/ros2_ws/install/vision_node
[0.899s] Invoking command in '/home/baymaxwish/ros2_ws/build/vision_node': CMAKE_PREFIX_PATH=${CMAKE_PREFIX_PATH}:/opt/ros/humble /usr/local/bin/cmake --build /home/baymaxwish/ros2_ws/build/vision_node -- -j2 -l2
[0.922s] [ 50%] [32mBuilding CXX object CMakeFiles/image_processor_node.dir/src/image_processor.cpp.o[0m
[4.740s] [100%] [32m[1mLinking CXX executable image_processor_node[0m
[5.091s] [100%] Built target image_processor_node
[5.098s] Invoked command in '/home/baymaxwish/ros2_ws/build/vision_node' returned '0': CMAKE_PREFIX_PATH=${CMAKE_PREFIX_PATH}:/opt/ros/humble /usr/local/bin/cmake --build /home/baymaxwish/ros2_ws/build/vision_node -- -j2 -l2
[5.100s] Invoking command in '/home/baymaxwish/ros2_ws/build/vision_node': CMAKE_PREFIX_PATH=${CMAKE_PREFIX_PATH}:/opt/ros/humble /usr/local/bin/cmake --install /home/baymaxwish/ros2_ws/build/vision_node
[5.104s] -- Install configuration: ""
[5.104s] -- Execute custom install script
[5.104s] -- Symlinking: /home/baymaxwish/ros2_ws/install/vision_node/lib/vision_node/image_processor_node
[5.107s] -- Symlinking: /home/baymaxwish/ros2_ws/install/vision_node/share/ament_index/resource_index/package_run_dependencies/vision_node
[5.110s] -- Symlinking: /home/baymaxwish/ros2_ws/install/vision_node/share/ament_index/resource_index/parent_prefix_path/vision_node
[5.113s] -- Symlinking: /home/baymaxwish/ros2_ws/install/vision_node/share/vision_node/environment/ament_prefix_path.sh
[5.117s] -- Symlinking: /home/baymaxwish/ros2_ws/install/vision_node/share/vision_node/environment/ament_prefix_path.dsv
[5.120s] -- Symlinking: /home/baymaxwish/ros2_ws/install/vision_node/share/vision_node/environment/path.sh
[5.123s] -- Symlinking: /home/baymaxwish/ros2_ws/install/vision_node/share/vision_node/environment/path.dsv
[5.126s] -- Symlinking: /home/baymaxwish/ros2_ws/install/vision_node/share/vision_node/local_setup.bash
[5.129s] -- Symlinking: /home/baymaxwish/ros2_ws/install/vision_node/share/vision_node/local_setup.sh
[5.132s] -- Symlinking: /home/baymaxwish/ros2_ws/install/vision_node/share/vision_node/local_setup.zsh
[5.136s] -- Symlinking: /home/baymaxwish/ros2_ws/install/vision_node/share/vision_node/local_setup.dsv
[5.138s] -- Symlinking: /home/baymaxwish/ros2_ws/install/vision_node/share/vision_node/package.dsv
[5.142s] -- Symlinking: /home/baymaxwish/ros2_ws/install/vision_node/share/ament_index/resource_index/packages/vision_node
[5.145s] -- Symlinking: /home/baymaxwish/ros2_ws/install/vision_node/share/vision_node/cmake/vision_nodeConfig.cmake
[5.148s] -- Symlinking: /home/baymaxwish/ros2_ws/install/vision_node/share/vision_node/cmake/vision_nodeConfig-version.cmake
[5.151s] -- Symlinking: /home/baymaxwish/ros2_ws/install/vision_node/share/vision_node/package.xml
[5.158s] Invoked command in '/home/baymaxwish/ros2_ws/build/vision_node' returned '0': CMAKE_PREFIX_PATH=${CMAKE_PREFIX_PATH}:/opt/ros/humble /usr/local/bin/cmake --install /home/baymaxwish/ros2_ws/build/vision_node
