[0.051s] DEBUG:colcon:Command line arguments: ['/usr/bin/colcon', 'build']
[0.051s] DEBUG:colcon:Parsed command line arguments: Namespace(log_base=None, log_level=None, verb_name='build', build_base='build', install_base='install', merge_install=False, symlink_install=False, test_result_base=None, continue_on_error=False, executor='parallel', parallel_workers=32, event_handlers=None, ignore_user_meta=False, metas=['./colcon.meta'], base_paths=['.'], packages_ignore=None, packages_ignore_regex=None, paths=None, packages_up_to=None, packages_up_to_regex=None, packages_above=None, packages_above_and_dependencies=None, packages_above_depth=None, packages_select_by_dep=None, packages_skip_by_dep=None, packages_skip_up_to=None, packages_select_build_failed=False, packages_skip_build_finished=False, packages_select_test_failures=False, packages_skip_test_passed=False, packages_select=None, packages_skip=None, packages_select_regex=None, packages_skip_regex=None, packages_start=None, packages_end=None, allow_overriding=[], cmake_args=None, cmake_target=None, cmake_target_skip_unavailable=False, cmake_clean_cache=False, cmake_clean_first=False, cmake_force_configure=False, ament_cmake_args=None, catkin_cmake_args=None, catkin_skip_building_tests=False, verb_parser=<colcon_defaults.argument_parser.defaults.DefaultArgumentsDecorator object at 0x7e9f19427a90>, verb_extension=<colcon_core.verb.build.BuildVerb object at 0x7e9f19574f40>, main=<bound method BuildVerb.main of <colcon_core.verb.build.BuildVerb object at 0x7e9f19574f40>>)
[0.135s] Level 1:colcon.colcon_core.package_discovery:discover_packages(colcon_meta) check parameters
[0.136s] Level 1:colcon.colcon_core.package_discovery:discover_packages(recursive) check parameters
[0.136s] Level 1:colcon.colcon_core.package_discovery:discover_packages(ignore) check parameters
[0.136s] Level 1:colcon.colcon_core.package_discovery:discover_packages(path) check parameters
[0.136s] Level 1:colcon.colcon_core.package_discovery:discover_packages(colcon_meta) discover
[0.136s] Level 1:colcon.colcon_core.package_discovery:discover_packages(recursive) discover
[0.136s] INFO:colcon.colcon_core.package_discovery:Crawling recursively for packages in '/home/ylc/RM/CLASS_3/workspace'
[0.136s] Level 1:colcon.colcon_core.package_identification:_identify(.) by extensions ['ignore', 'ignore_ament_install']
[0.136s] Level 1:colcon.colcon_core.package_identification:_identify(.) by extension 'ignore'
[0.136s] Level 1:colcon.colcon_core.package_identification:_identify(.) by extension 'ignore_ament_install'
[0.136s] Level 1:colcon.colcon_core.package_identification:_identify(.) by extensions ['colcon_pkg']
[0.136s] Level 1:colcon.colcon_core.package_identification:_identify(.) by extension 'colcon_pkg'
[0.136s] Level 1:colcon.colcon_core.package_identification:_identify(.) by extensions ['colcon_meta']
[0.136s] Level 1:colcon.colcon_core.package_identification:_identify(.) by extension 'colcon_meta'
[0.136s] Level 1:colcon.colcon_core.package_identification:_identify(.) by extensions ['ros']
[0.136s] Level 1:colcon.colcon_core.package_identification:_identify(.) by extension 'ros'
[0.141s] Level 1:colcon.colcon_core.package_identification:_identify(.) by extensions ['cmake', 'python']
[0.141s] Level 1:colcon.colcon_core.package_identification:_identify(.) by extension 'cmake'
[0.141s] Level 1:colcon.colcon_core.package_identification:_identify(.) by extension 'python'
[0.141s] Level 1:colcon.colcon_core.package_identification:_identify(.) by extensions ['python_setup_py']
[0.141s] Level 1:colcon.colcon_core.package_identification:_identify(.) by extension 'python_setup_py'
[0.141s] Level 1:colcon.colcon_core.package_identification:_identify(build) by extensions ['ignore', 'ignore_ament_install']
[0.142s] Level 1:colcon.colcon_core.package_identification:_identify(build) by extension 'ignore'
[0.142s] Level 1:colcon.colcon_core.package_identification:_identify(build) ignored
[0.142s] Level 1:colcon.colcon_core.package_identification:_identify(install) by extensions ['ignore', 'ignore_ament_install']
[0.142s] Level 1:colcon.colcon_core.package_identification:_identify(install) by extension 'ignore'
[0.142s] Level 1:colcon.colcon_core.package_identification:_identify(install) ignored
[0.142s] Level 1:colcon.colcon_core.package_identification:_identify(log) by extensions ['ignore', 'ignore_ament_install']
[0.142s] Level 1:colcon.colcon_core.package_identification:_identify(log) by extension 'ignore'
[0.142s] Level 1:colcon.colcon_core.package_identification:_identify(log) ignored
[0.142s] Level 1:colcon.colcon_core.package_identification:_identify(src) by extensions ['ignore', 'ignore_ament_install']
[0.142s] Level 1:colcon.colcon_core.package_identification:_identify(src) by extension 'ignore'
[0.142s] Level 1:colcon.colcon_core.package_identification:_identify(src) by extension 'ignore_ament_install'
[0.142s] Level 1:colcon.colcon_core.package_identification:_identify(src) by extensions ['colcon_pkg']
[0.142s] Level 1:colcon.colcon_core.package_identification:_identify(src) by extension 'colcon_pkg'
[0.142s] Level 1:colcon.colcon_core.package_identification:_identify(src) by extensions ['colcon_meta']
[0.142s] Level 1:colcon.colcon_core.package_identification:_identify(src) by extension 'colcon_meta'
[0.142s] Level 1:colcon.colcon_core.package_identification:_identify(src) by extensions ['ros']
[0.142s] Level 1:colcon.colcon_core.package_identification:_identify(src) by extension 'ros'
[0.142s] Level 1:colcon.colcon_core.package_identification:_identify(src) by extensions ['cmake', 'python']
[0.142s] Level 1:colcon.colcon_core.package_identification:_identify(src) by extension 'cmake'
[0.142s] Level 1:colcon.colcon_core.package_identification:_identify(src) by extension 'python'
[0.142s] Level 1:colcon.colcon_core.package_identification:_identify(src) by extensions ['python_setup_py']
[0.142s] Level 1:colcon.colcon_core.package_identification:_identify(src) by extension 'python_setup_py'
[0.142s] Level 1:colcon.colcon_core.package_identification:_identify(src/camera_publisher) by extensions ['ignore', 'ignore_ament_install']
[0.142s] Level 1:colcon.colcon_core.package_identification:_identify(src/camera_publisher) by extension 'ignore'
[0.142s] Level 1:colcon.colcon_core.package_identification:_identify(src/camera_publisher) by extension 'ignore_ament_install'
[0.142s] Level 1:colcon.colcon_core.package_identification:_identify(src/camera_publisher) by extensions ['colcon_pkg']
[0.142s] Level 1:colcon.colcon_core.package_identification:_identify(src/camera_publisher) by extension 'colcon_pkg'
[0.142s] Level 1:colcon.colcon_core.package_identification:_identify(src/camera_publisher) by extensions ['colcon_meta']
[0.142s] Level 1:colcon.colcon_core.package_identification:_identify(src/camera_publisher) by extension 'colcon_meta'
[0.142s] Level 1:colcon.colcon_core.package_identification:_identify(src/camera_publisher) by extensions ['ros']
[0.142s] Level 1:colcon.colcon_core.package_identification:_identify(src/camera_publisher) by extension 'ros'
[0.143s] DEBUG:colcon.colcon_core.package_identification:Package 'src/camera_publisher' with type 'ros.ament_python' and name 'camera_publisher'
[0.143s] Level 1:colcon.colcon_core.package_identification:_identify(src/image_processor) by extensions ['ignore', 'ignore_ament_install']
[0.143s] Level 1:colcon.colcon_core.package_identification:_identify(src/image_processor) by extension 'ignore'
[0.143s] Level 1:colcon.colcon_core.package_identification:_identify(src/image_processor) by extension 'ignore_ament_install'
[0.143s] Level 1:colcon.colcon_core.package_identification:_identify(src/image_processor) by extensions ['colcon_pkg']
[0.143s] Level 1:colcon.colcon_core.package_identification:_identify(src/image_processor) by extension 'colcon_pkg'
[0.143s] Level 1:colcon.colcon_core.package_identification:_identify(src/image_processor) by extensions ['colcon_meta']
[0.143s] Level 1:colcon.colcon_core.package_identification:_identify(src/image_processor) by extension 'colcon_meta'
[0.143s] Level 1:colcon.colcon_core.package_identification:_identify(src/image_processor) by extensions ['ros']
[0.144s] Level 1:colcon.colcon_core.package_identification:_identify(src/image_processor) by extension 'ros'
[0.144s] DEBUG:colcon.colcon_core.package_identification:Package 'src/image_processor' with type 'ros.ament_python' and name 'image_processor'
[0.144s] Level 1:colcon.colcon_core.package_discovery:discover_packages(recursive) using defaults
[0.144s] Level 1:colcon.colcon_core.package_discovery:discover_packages(ignore) discover
[0.144s] Level 1:colcon.colcon_core.package_discovery:discover_packages(ignore) using defaults
[0.144s] Level 1:colcon.colcon_core.package_discovery:discover_packages(path) discover
[0.144s] Level 1:colcon.colcon_core.package_discovery:discover_packages(path) using defaults
[0.158s] Level 1:colcon.colcon_core.package_discovery:discover_packages(prefix_path) check parameters
[0.158s] Level 1:colcon.colcon_core.package_discovery:discover_packages(prefix_path) discover
[0.160s] DEBUG:colcon.colcon_installed_package_information.package_discovery:Found 280 installed packages in /opt/ros/humble
[0.160s] Level 1:colcon.colcon_core.package_discovery:discover_packages(prefix_path) using defaults
[0.179s] Level 5:colcon.colcon_core.verb:set package 'camera_publisher' build argument 'cmake_args' from command line to 'None'
[0.179s] Level 5:colcon.colcon_core.verb:set package 'camera_publisher' build argument 'cmake_target' from command line to 'None'
[0.179s] Level 5:colcon.colcon_core.verb:set package 'camera_publisher' build argument 'cmake_target_skip_unavailable' from command line to 'False'
[0.179s] Level 5:colcon.colcon_core.verb:set package 'camera_publisher' build argument 'cmake_clean_cache' from command line to 'False'
[0.179s] Level 5:colcon.colcon_core.verb:set package 'camera_publisher' build argument 'cmake_clean_first' from command line to 'False'
[0.179s] Level 5:colcon.colcon_core.verb:set package 'camera_publisher' build argument 'cmake_force_configure' from command line to 'False'
[0.179s] Level 5:colcon.colcon_core.verb:set package 'camera_publisher' build argument 'ament_cmake_args' from command line to 'None'
[0.179s] Level 5:colcon.colcon_core.verb:set package 'camera_publisher' build argument 'catkin_cmake_args' from command line to 'None'
[0.179s] Level 5:colcon.colcon_core.verb:set package 'camera_publisher' build argument 'catkin_skip_building_tests' from command line to 'False'
[0.179s] DEBUG:colcon.colcon_core.verb:Building package 'camera_publisher' with the following arguments: {'ament_cmake_args': None, 'build_base': '/home/ylc/RM/CLASS_3/workspace/build/camera_publisher', 'catkin_cmake_args': None, 'catkin_skip_building_tests': False, 'cmake_args': None, 'cmake_clean_cache': False, 'cmake_clean_first': False, 'cmake_force_configure': False, 'cmake_target': None, 'cmake_target_skip_unavailable': False, 'install_base': '/home/ylc/RM/CLASS_3/workspace/install/camera_publisher', 'merge_install': False, 'path': '/home/ylc/RM/CLASS_3/workspace/src/camera_publisher', 'symlink_install': False, 'test_result_base': None}
[0.179s] Level 5:colcon.colcon_core.verb:set package 'image_processor' build argument 'cmake_args' from command line to 'None'
[0.179s] Level 5:colcon.colcon_core.verb:set package 'image_processor' build argument 'cmake_target' from command line to 'None'
[0.179s] Level 5:colcon.colcon_core.verb:set package 'image_processor' build argument 'cmake_target_skip_unavailable' from command line to 'False'
[0.179s] Level 5:colcon.colcon_core.verb:set package 'image_processor' build argument 'cmake_clean_cache' from command line to 'False'
[0.179s] Level 5:colcon.colcon_core.verb:set package 'image_processor' build argument 'cmake_clean_first' from command line to 'False'
[0.179s] Level 5:colcon.colcon_core.verb:set package 'image_processor' build argument 'cmake_force_configure' from command line to 'False'
[0.179s] Level 5:colcon.colcon_core.verb:set package 'image_processor' build argument 'ament_cmake_args' from command line to 'None'
[0.179s] Level 5:colcon.colcon_core.verb:set package 'image_processor' build argument 'catkin_cmake_args' from command line to 'None'
[0.179s] Level 5:colcon.colcon_core.verb:set package 'image_processor' build argument 'catkin_skip_building_tests' from command line to 'False'
[0.179s] DEBUG:colcon.colcon_core.verb:Building package 'image_processor' with the following arguments: {'ament_cmake_args': None, 'build_base': '/home/ylc/RM/CLASS_3/workspace/build/image_processor', 'catkin_cmake_args': None, 'catkin_skip_building_tests': False, 'cmake_args': None, 'cmake_clean_cache': False, 'cmake_clean_first': False, 'cmake_force_configure': False, 'cmake_target': None, 'cmake_target_skip_unavailable': False, 'install_base': '/home/ylc/RM/CLASS_3/workspace/install/image_processor', 'merge_install': False, 'path': '/home/ylc/RM/CLASS_3/workspace/src/image_processor', 'symlink_install': False, 'test_result_base': None}
[0.179s] INFO:colcon.colcon_core.executor:Executing jobs using 'parallel' executor
[0.180s] DEBUG:colcon.colcon_parallel_executor.executor.parallel:run_until_complete
[0.180s] INFO:colcon.colcon_ros.task.ament_python.build:Building ROS package in '/home/ylc/RM/CLASS_3/workspace/src/camera_publisher' with build type 'ament_python'
[0.180s] Level 1:colcon.colcon_core.shell:create_environment_hook('camera_publisher', 'ament_prefix_path')
[0.181s] INFO:colcon.colcon_core.plugin_system:Skipping extension 'colcon_core.shell.bat': Not used on non-Windows systems
[0.181s] INFO:colcon.colcon_core.shell:Creating environment hook '/home/ylc/RM/CLASS_3/workspace/install/camera_publisher/share/camera_publisher/hook/ament_prefix_path.ps1'
[0.181s] INFO:colcon.colcon_core.shell:Creating environment descriptor '/home/ylc/RM/CLASS_3/workspace/install/camera_publisher/share/camera_publisher/hook/ament_prefix_path.dsv'
[0.182s] INFO:colcon.colcon_core.shell:Creating environment hook '/home/ylc/RM/CLASS_3/workspace/install/camera_publisher/share/camera_publisher/hook/ament_prefix_path.sh'
[0.182s] INFO:colcon.colcon_core.shell:Skip shell extension 'powershell' for command environment: Not usable outside of PowerShell
[0.182s] DEBUG:colcon.colcon_core.shell:Skip shell extension 'dsv' for command environment
[0.184s] INFO:colcon.colcon_ros.task.ament_python.build:Building ROS package in '/home/ylc/RM/CLASS_3/workspace/src/image_processor' with build type 'ament_python'
[0.184s] Level 1:colcon.colcon_core.shell:create_environment_hook('image_processor', 'ament_prefix_path')
[0.184s] INFO:colcon.colcon_core.shell:Creating environment hook '/home/ylc/RM/CLASS_3/workspace/install/image_processor/share/image_processor/hook/ament_prefix_path.ps1'
[0.184s] INFO:colcon.colcon_core.shell:Creating environment descriptor '/home/ylc/RM/CLASS_3/workspace/install/image_processor/share/image_processor/hook/ament_prefix_path.dsv'
[0.184s] INFO:colcon.colcon_core.shell:Creating environment hook '/home/ylc/RM/CLASS_3/workspace/install/image_processor/share/image_processor/hook/ament_prefix_path.sh'
[0.185s] INFO:colcon.colcon_core.shell:Skip shell extension 'powershell' for command environment: Not usable outside of PowerShell
[0.185s] DEBUG:colcon.colcon_core.shell:Skip shell extension 'dsv' for command environment
[0.316s] INFO:colcon.colcon_core.task.python.build:Building Python package in '/home/ylc/RM/CLASS_3/workspace/src/camera_publisher'
[0.316s] INFO:colcon.colcon_core.shell:Skip shell extension 'powershell' for command environment: Not usable outside of PowerShell
[0.316s] DEBUG:colcon.colcon_core.shell:Skip shell extension 'dsv' for command environment
[0.445s] INFO:colcon.colcon_core.task.python.build:Building Python package in '/home/ylc/RM/CLASS_3/workspace/src/image_processor'
[0.446s] INFO:colcon.colcon_core.shell:Skip shell extension 'powershell' for command environment: Not usable outside of PowerShell
[0.446s] DEBUG:colcon.colcon_core.shell:Skip shell extension 'dsv' for command environment
[0.628s] DEBUG:colcon.colcon_core.event_handler.log_command:Invoking command in '/home/ylc/RM/CLASS_3/workspace/src/image_processor': PYTHONPATH=/home/ylc/RM/CLASS_3/workspace/build/image_processor/prefix_override:/usr/lib/python3/dist-packages/colcon_core/task/python/colcon_distutils_commands:/home/ylc/RM/CLASS_3/workspace/install/image_processor/lib/python3.10/site-packages:${PYTHONPATH} /usr/bin/python3 -W ignore:setup.py install is deprecated -W ignore:easy_install command is deprecated setup.py egg_info --egg-base ../../build/image_processor build --build-base /home/ylc/RM/CLASS_3/workspace/build/image_processor/build install --record /home/ylc/RM/CLASS_3/workspace/build/image_processor/install.log --single-version-externally-managed install_data
[0.631s] DEBUG:colcon.colcon_core.event_handler.log_command:Invoking command in '/home/ylc/RM/CLASS_3/workspace/src/camera_publisher': PYTHONPATH=/home/ylc/RM/CLASS_3/workspace/build/camera_publisher/prefix_override:/usr/lib/python3/dist-packages/colcon_core/task/python/colcon_distutils_commands:/home/ylc/RM/CLASS_3/workspace/install/camera_publisher/lib/python3.10/site-packages:${PYTHONPATH} /usr/bin/python3 -W ignore:setup.py install is deprecated -W ignore:easy_install command is deprecated setup.py egg_info --egg-base ../../build/camera_publisher build --build-base /home/ylc/RM/CLASS_3/workspace/build/camera_publisher/build install --record /home/ylc/RM/CLASS_3/workspace/build/camera_publisher/install.log --single-version-externally-managed install_data
[0.787s] DEBUG:colcon.colcon_core.event_handler.log_command:Invoked command in '/home/ylc/RM/CLASS_3/workspace/src/image_processor' returned '0': PYTHONPATH=/home/ylc/RM/CLASS_3/workspace/build/image_processor/prefix_override:/usr/lib/python3/dist-packages/colcon_core/task/python/colcon_distutils_commands:/home/ylc/RM/CLASS_3/workspace/install/image_processor/lib/python3.10/site-packages:${PYTHONPATH} /usr/bin/python3 -W ignore:setup.py install is deprecated -W ignore:easy_install command is deprecated setup.py egg_info --egg-base ../../build/image_processor build --build-base /home/ylc/RM/CLASS_3/workspace/build/image_processor/build install --record /home/ylc/RM/CLASS_3/workspace/build/image_processor/install.log --single-version-externally-managed install_data
[0.788s] Level 1:colcon.colcon_core.environment:checking '/home/ylc/RM/CLASS_3/workspace/install/image_processor' for CMake module files
[0.788s] Level 1:colcon.colcon_core.environment:checking '/home/ylc/RM/CLASS_3/workspace/install/image_processor' for CMake config files
[0.788s] Level 1:colcon.colcon_core.environment:checking '/home/ylc/RM/CLASS_3/workspace/install/image_processor/lib'
[0.788s] Level 1:colcon.colcon_core.environment:checking '/home/ylc/RM/CLASS_3/workspace/install/image_processor/bin'
[0.788s] Level 1:colcon.colcon_core.environment:checking '/home/ylc/RM/CLASS_3/workspace/install/image_processor/lib/pkgconfig/image_processor.pc'
[0.789s] Level 1:colcon.colcon_core.environment:checking '/home/ylc/RM/CLASS_3/workspace/install/image_processor/lib/python3.10/site-packages'
[0.789s] Level 1:colcon.colcon_core.shell:create_environment_hook('image_processor', 'pythonpath')
[0.789s] INFO:colcon.colcon_core.shell:Creating environment hook '/home/ylc/RM/CLASS_3/workspace/install/image_processor/share/image_processor/hook/pythonpath.ps1'
[0.789s] INFO:colcon.colcon_core.shell:Creating environment descriptor '/home/ylc/RM/CLASS_3/workspace/install/image_processor/share/image_processor/hook/pythonpath.dsv'
[0.789s] INFO:colcon.colcon_core.shell:Creating environment hook '/home/ylc/RM/CLASS_3/workspace/install/image_processor/share/image_processor/hook/pythonpath.sh'
[0.789s] Level 1:colcon.colcon_core.environment:checking '/home/ylc/RM/CLASS_3/workspace/install/image_processor/bin'
[0.789s] Level 1:colcon.colcon_core.environment:create_environment_scripts_only(image_processor)
[0.790s] INFO:colcon.colcon_core.shell:Creating package script '/home/ylc/RM/CLASS_3/workspace/install/image_processor/share/image_processor/package.ps1'
[0.790s] INFO:colcon.colcon_core.shell:Creating package descriptor '/home/ylc/RM/CLASS_3/workspace/install/image_processor/share/image_processor/package.dsv'
[0.790s] INFO:colcon.colcon_core.shell:Creating package script '/home/ylc/RM/CLASS_3/workspace/install/image_processor/share/image_processor/package.sh'
[0.791s] INFO:colcon.colcon_core.shell:Creating package script '/home/ylc/RM/CLASS_3/workspace/install/image_processor/share/image_processor/package.bash'
[0.791s] INFO:colcon.colcon_core.shell:Creating package script '/home/ylc/RM/CLASS_3/workspace/install/image_processor/share/image_processor/package.zsh'
[0.791s] Level 1:colcon.colcon_core.environment:create_file_with_runtime_dependencies(/home/ylc/RM/CLASS_3/workspace/install/image_processor/share/colcon-core/packages/image_processor)
[0.792s] Level 1:colcon.colcon_core.environment:checking '/home/ylc/RM/CLASS_3/workspace/install/camera_publisher' for CMake module files
[0.792s] Level 1:colcon.colcon_core.environment:checking '/home/ylc/RM/CLASS_3/workspace/install/camera_publisher' for CMake config files
[0.792s] DEBUG:colcon.colcon_core.event_handler.log_command:Invoked command in '/home/ylc/RM/CLASS_3/workspace/src/camera_publisher' returned '0': PYTHONPATH=/home/ylc/RM/CLASS_3/workspace/build/camera_publisher/prefix_override:/usr/lib/python3/dist-packages/colcon_core/task/python/colcon_distutils_commands:/home/ylc/RM/CLASS_3/workspace/install/camera_publisher/lib/python3.10/site-packages:${PYTHONPATH} /usr/bin/python3 -W ignore:setup.py install is deprecated -W ignore:easy_install command is deprecated setup.py egg_info --egg-base ../../build/camera_publisher build --build-base /home/ylc/RM/CLASS_3/workspace/build/camera_publisher/build install --record /home/ylc/RM/CLASS_3/workspace/build/camera_publisher/install.log --single-version-externally-managed install_data
[0.793s] Level 1:colcon.colcon_core.environment:checking '/home/ylc/RM/CLASS_3/workspace/install/camera_publisher/lib'
[0.793s] Level 1:colcon.colcon_core.environment:checking '/home/ylc/RM/CLASS_3/workspace/install/camera_publisher/bin'
[0.793s] Level 1:colcon.colcon_core.environment:checking '/home/ylc/RM/CLASS_3/workspace/install/camera_publisher/lib/pkgconfig/camera_publisher.pc'
[0.793s] Level 1:colcon.colcon_core.environment:checking '/home/ylc/RM/CLASS_3/workspace/install/camera_publisher/lib/python3.10/site-packages'
[0.793s] Level 1:colcon.colcon_core.shell:create_environment_hook('camera_publisher', 'pythonpath')
[0.793s] INFO:colcon.colcon_core.shell:Creating environment hook '/home/ylc/RM/CLASS_3/workspace/install/camera_publisher/share/camera_publisher/hook/pythonpath.ps1'
[0.793s] INFO:colcon.colcon_core.shell:Creating environment descriptor '/home/ylc/RM/CLASS_3/workspace/install/camera_publisher/share/camera_publisher/hook/pythonpath.dsv'
[0.793s] INFO:colcon.colcon_core.shell:Creating environment hook '/home/ylc/RM/CLASS_3/workspace/install/camera_publisher/share/camera_publisher/hook/pythonpath.sh'
[0.794s] Level 1:colcon.colcon_core.environment:checking '/home/ylc/RM/CLASS_3/workspace/install/camera_publisher/bin'
[0.794s] Level 1:colcon.colcon_core.environment:create_environment_scripts_only(camera_publisher)
[0.794s] INFO:colcon.colcon_core.shell:Creating package script '/home/ylc/RM/CLASS_3/workspace/install/camera_publisher/share/camera_publisher/package.ps1'
[0.794s] INFO:colcon.colcon_core.shell:Creating package descriptor '/home/ylc/RM/CLASS_3/workspace/install/camera_publisher/share/camera_publisher/package.dsv'
[0.794s] INFO:colcon.colcon_core.shell:Creating package script '/home/ylc/RM/CLASS_3/workspace/install/camera_publisher/share/camera_publisher/package.sh'
[0.795s] INFO:colcon.colcon_core.shell:Creating package script '/home/ylc/RM/CLASS_3/workspace/install/camera_publisher/share/camera_publisher/package.bash'
[0.795s] INFO:colcon.colcon_core.shell:Creating package script '/home/ylc/RM/CLASS_3/workspace/install/camera_publisher/share/camera_publisher/package.zsh'
[0.795s] Level 1:colcon.colcon_core.environment:create_file_with_runtime_dependencies(/home/ylc/RM/CLASS_3/workspace/install/camera_publisher/share/colcon-core/packages/camera_publisher)
[0.795s] DEBUG:colcon.colcon_parallel_executor.executor.parallel:closing loop
[0.795s] DEBUG:colcon.colcon_parallel_executor.executor.parallel:loop closed
[0.795s] DEBUG:colcon.colcon_parallel_executor.executor.parallel:run_until_complete finished with '0'
[0.795s] DEBUG:colcon.colcon_core.event_reactor:joining thread
[0.798s] INFO:colcon.colcon_core.plugin_system:Skipping extension 'colcon_notification.desktop_notification.terminal_notifier': Not used on non-Darwin systems
[0.798s] INFO:colcon.colcon_core.plugin_system:Skipping extension 'colcon_notification.desktop_notification.win32': Not used on non-Windows systems
[0.798s] INFO:colcon.colcon_notification.desktop_notification:Sending desktop notification using 'notify2'
[0.805s] DEBUG:colcon.colcon_core.event_reactor:joined thread
[0.805s] INFO:colcon.colcon_core.shell:Creating prefix script '/home/ylc/RM/CLASS_3/workspace/install/local_setup.ps1'
[0.806s] INFO:colcon.colcon_core.shell:Creating prefix util module '/home/ylc/RM/CLASS_3/workspace/install/_local_setup_util_ps1.py'
[0.807s] INFO:colcon.colcon_core.shell:Creating prefix chain script '/home/ylc/RM/CLASS_3/workspace/install/setup.ps1'
[0.807s] INFO:colcon.colcon_core.shell:Creating prefix script '/home/ylc/RM/CLASS_3/workspace/install/local_setup.sh'
[0.807s] INFO:colcon.colcon_core.shell:Creating prefix util module '/home/ylc/RM/CLASS_3/workspace/install/_local_setup_util_sh.py'
[0.808s] INFO:colcon.colcon_core.shell:Creating prefix chain script '/home/ylc/RM/CLASS_3/workspace/install/setup.sh'
[0.808s] INFO:colcon.colcon_core.shell:Creating prefix script '/home/ylc/RM/CLASS_3/workspace/install/local_setup.bash'
[0.808s] INFO:colcon.colcon_core.shell:Creating prefix chain script '/home/ylc/RM/CLASS_3/workspace/install/setup.bash'
[0.809s] INFO:colcon.colcon_core.shell:Creating prefix script '/home/ylc/RM/CLASS_3/workspace/install/local_setup.zsh'
[0.809s] INFO:colcon.colcon_core.shell:Creating prefix chain script '/home/ylc/RM/CLASS_3/workspace/install/setup.zsh'
